  Base repo: mc-006-video-production-company
  ✓ Venture folder exists
  ✓ vercel.json created
  → Ready for: vercel deploy --prod

  Base repo: tech-040-cybersecurity-shield
  ✓ Venture folder exists
  ✓ vercel.json created
  → Ready for: vercel deploy --prod

  Base repo: iza-os-ai-vision-platform
  ✓ Venture folder exists
  ✓ vercel.json created
  → Ready for: vercel deploy --prod

  Base repo: edu-024-language-learning-ai
  ✓ Venture folder exists
  ✓ vercel.json created
  → Ready for: vercel deploy --prod

  Base repo: edu-009-voiceover-script-library
  ✓ Venture folder exists
  ✓ vercel.json created
  → Ready for: vercel deploy --prod

  Base repo: edu-009-voiceover-script-library
  ✓ Venture folder exists
  ✓ vercel.json created
  → Ready for: vercel deploy --prod

  Base repo: fin-009-crypto-tax-optimizer
  ✓ Venture folder exists
  ✓ vercel.json created
  → Ready for: vercel deploy --prod

  Base repo: iza-os-vector-database
  ✓ Venture folder exists
  ✓ vercel.json created
  → Ready for: vercel deploy --prod

  Base repo: comm-036-public-infrastructure-ai
  ✓ Venture folder exists
  ✓ vercel.json created
  → Ready for: vercel deploy --prod

  Base repo: arbitrage-nexus
  ✓ Venture folder exists
  ✓ vercel.json created
  → Ready for: vercel deploy --prod

