=== deploy-ventures.sh run 20260729-020115 (apply=1) ===
[NOT FOUND] FIN-001
[NOT FOUND] FIN-002
[NOT FOUND] FIN-003
[NOT FOUND] FIN-004
[NOT FOUND] FIN-005
[MATCH] FIN-006 -> /Users/acebless/Documents/fin-006-tax-prep-filing-services
[SKIP venture.json] FIN-006 already has one, left untouched
[main f938d9b] chore: add Phase 1 context system
 2 files changed, 196 insertions(+)
 create mode 120000 docs/ONTOLOGY.md
 create mode 100644 src/lib/ontology.ts
To https://github.com/Worldwidebro/fin-006-tax-prep-filing-services.git
   d6e7dcf..f938d9b  HEAD -> main
[PUSHED] FIN-006 -> /Users/acebless/Documents/fin-006-tax-prep-filing-services (main)
[NOT FOUND] FIN-007
[NOT FOUND] FIN-008
[MATCH] FIN-009 -> /Users/acebless/Documents/fin-009-crypto-tax-optimizer
[SKIP venture.json] FIN-009 already has one, left untouched
[main 4e2f63b] chore: add Phase 1 context system
 2 files changed, 196 insertions(+)
 create mode 120000 docs/ONTOLOGY.md
 create mode 100644 src/lib/ontology.ts
To https://github.com/Worldwidebro/fin-009-crypto-tax-optimizer.git
   eb194ff..4e2f63b  HEAD -> main
[PUSHED] FIN-009 -> /Users/acebless/Documents/fin-009-crypto-tax-optimizer (main)
[NOT FOUND] FIN-010
[NOT FOUND] FIN-011
[NOT FOUND] FIN-012
[NOT FOUND] FIN-013
[NOT FOUND] FIN-014
[NOT FOUND] FIN-015
[NOT FOUND] FIN-016
[NOT FOUND] FIN-017
[NOT FOUND] FIN-018
[NOT FOUND] FIN-019
[NOT FOUND] FIN-020
[MATCH] FIN-021 -> /Users/acebless/Documents/fin-021-tax-deduction-finder
[SKIP venture.json] FIN-021 already has one, left untouched
[main 983c3c3] chore: add Phase 1 context system
 2 files changed, 196 insertions(+)
 create mode 120000 docs/ONTOLOGY.md
 create mode 100644 src/lib/ontology.ts
To https://github.com/Worldwidebro/fin-021-tax-deduction-finder.git
   67de215..983c3c3  HEAD -> main
[PUSHED] FIN-021 -> /Users/acebless/Documents/fin-021-tax-deduction-finder (main)
[NOT FOUND] FIN-022
[NOT FOUND] FIN-023
[NOT FOUND] FIN-024
[NOT FOUND] FIN-025
[NOT FOUND] FIN-026
[NOT FOUND] FIN-027
[NOT FOUND] FIN-028
[NOT FOUND] FIN-029
[NOT FOUND] FIN-030
[NOT FOUND] FIN-031
[NOT FOUND] FIN-032
[MATCH] FIN-033 -> /Users/acebless/Documents/fin-033-ai-tax-preparation-service
[SKIP venture.json] FIN-033 already has one, left untouched
[main 0fa182e] chore: add Phase 1 context system
 2 files changed, 196 insertions(+)
 create mode 120000 docs/ONTOLOGY.md
 create mode 100644 src/lib/ontology.ts
To https://github.com/Worldwidebro/fin-033-ai-tax-preparation-service.git
   2aa50ab..0fa182e  HEAD -> main
[PUSHED] FIN-033 -> /Users/acebless/Documents/fin-033-ai-tax-preparation-service (main)
[NOT FOUND] FIN-034
[NOT FOUND] FIN-035
[NOT FOUND] FIN-036
[NOT FOUND] BW-001
[NOT FOUND] BW-002
[NOT FOUND] BW-003
[NOT FOUND] BW-004
[NOT FOUND] BW-005
[NOT FOUND] BW-006
[NOT FOUND] BW-007
[NOT FOUND] BW-008
[NOT FOUND] BW-009
[NOT FOUND] BW-010
[NOT FOUND] BW-011
[NOT FOUND] BW-012
[NOT FOUND] BW-013
[NOT FOUND] BW-014
[NOT FOUND] BW-015
[NOT FOUND] BW-016
[NOT FOUND] BW-017
[NOT FOUND] BW-018
[NOT FOUND] BW-019
[NOT FOUND] BW-020
[NOT FOUND] BW-021
[NOT FOUND] BW-022
[NOT FOUND] BW-023
[NOT FOUND] BW-024
[NOT FOUND] BW-025
[NOT FOUND] BW-026
[NOT FOUND] BW-027
[NOT FOUND] BW-028
[NOT FOUND] BW-029
[NOT FOUND] BW-030
[NOT FOUND] BW-031
[NOT FOUND] BW-032
[NOT FOUND] BW-033
[NOT FOUND] BW-034
[NOT FOUND] BW-035
[NOT FOUND] BW-036
[NOT FOUND] BW-037
[NOT FOUND] BW-038
[NOT FOUND] BW-039
[NOT FOUND] BW-040
[NOT FOUND] FH-001
[NOT FOUND] FH-002
[NOT FOUND] FH-003
[NOT FOUND] FH-004
[NOT FOUND] FH-005
[NOT FOUND] FH-006
[NOT FOUND] FH-007
[NOT FOUND] FH-008
[NOT FOUND] FH-009
[NOT FOUND] FH-010
[NOT FOUND] FH-011
[NOT FOUND] FH-012
[NOT FOUND] FH-013
[NOT FOUND] FH-014
[NOT FOUND] FH-015
[NOT FOUND] FH-016
[NOT FOUND] FH-017
[NOT FOUND] FH-018
[NOT FOUND] FH-019
[NOT FOUND] FH-020
[NOT FOUND] FH-021
[NOT FOUND] FH-022
[NOT FOUND] FH-023
[NOT FOUND] FH-024
[NOT FOUND] FH-025
[NOT FOUND] FH-026
[NOT FOUND] FH-027
[NOT FOUND] FH-028
[NOT FOUND] FH-029
[NOT FOUND] FH-030
[NOT FOUND] FH-031
[NOT FOUND] FH-032
[NOT FOUND] FH-033
[NOT FOUND] FH-034
[NOT FOUND] FH-035
[NOT FOUND] FS-001
[NOT FOUND] FS-002
[NOT FOUND] FS-003
[NOT FOUND] FS-004
[NOT FOUND] FS-005
[NOT FOUND] FS-006
[NOT FOUND] FS-007
[NOT FOUND] FS-008
[NOT FOUND] FS-009
[NOT FOUND] FS-010
[NOT FOUND] FS-011
[NOT FOUND] FS-012
[NOT FOUND] FS-013
[NOT FOUND] FS-014
[NOT FOUND] FS-015
[NOT FOUND] FS-016
[NOT FOUND] FS-017
[NOT FOUND] FS-018
[NOT FOUND] FS-019
[NOT FOUND] FS-020
[NOT FOUND] FS-021
[NOT FOUND] FS-022
[NOT FOUND] FS-023
[NOT FOUND] FS-024
[NOT FOUND] FS-025
[NOT FOUND] LT-001
[NOT FOUND] LT-002
[NOT FOUND] LT-003
[NOT FOUND] LT-004
[MATCH] LT-005 -> /Users/acebless/Documents/lt-005-medical-courier-dispatch
[main 7fc6fee] chore: add Phase 1 context system
 3 files changed, 218 insertions(+)
 create mode 120000 docs/ONTOLOGY.md
 create mode 100644 src/lib/ontology.ts
 create mode 100644 venture.json
To https://github.com/Worldwidebro/lt-005-medical-courier-dispatch.git
   927cea5..7fc6fee  HEAD -> main
[PUSHED] LT-005 -> /Users/acebless/Documents/lt-005-medical-courier-dispatch (main)
[NOT FOUND] LT-006
[NOT FOUND] LT-007
[NOT FOUND] LT-008
[NOT FOUND] LT-009
[NOT FOUND] LT-010
[NOT FOUND] LT-011
[NOT FOUND] LT-012
[NOT FOUND] LT-013
[NOT FOUND] LT-014
[NOT FOUND] LT-015
[NOT FOUND] LT-016
[NOT FOUND] LT-017
[NOT FOUND] LT-018
[NOT FOUND] LT-019
[NOT FOUND] LT-020
[NOT FOUND] LT-021
[NOT FOUND] LT-022
[NOT FOUND] LT-023
[NOT FOUND] LT-024
[NOT FOUND] LT-025
[NOT FOUND] LT-026
[NOT FOUND] LT-027
[NOT FOUND] LT-028
[NOT FOUND] LT-029
[NOT FOUND] LT-030
[NOT FOUND] PS-001
[NOT FOUND] PS-002
[NOT FOUND] PS-003
[NOT FOUND] PS-004
[NOT FOUND] PS-005
[NOT FOUND] PS-006
[NOT FOUND] PS-007
[NOT FOUND] PS-008
[NOT FOUND] PS-009
[NOT FOUND] PS-010
[NOT FOUND] PS-011
[NOT FOUND] PS-012
[NOT FOUND] PS-013
[NOT FOUND] PS-014
[NOT FOUND] PS-015
[NOT FOUND] PS-016
[NOT FOUND] PS-017
[NOT FOUND] PS-018
[NOT FOUND] PS-019
[NOT FOUND] PS-020
[NOT FOUND] PS-021
[NOT FOUND] PS-022
[NOT FOUND] PS-023
[NOT FOUND] PS-024
[NOT FOUND] PS-025
[NOT FOUND] MC-001
[NOT FOUND] MC-002
[NOT FOUND] MC-003
[NOT FOUND] MC-004
[NOT FOUND] MC-005
[MATCH] MC-006 -> /Users/acebless/Documents/mc-006-video-production-company
[SKIP venture.json] MC-006 already has one, left untouched
fatal: Unable to create '/Users/acebless/Documents/mc-006-video-production-company/.git/index.lock': File exists.

Another git process seems to be running in this repository, e.g.
an editor opened by 'git commit'. Please make sure all processes
are terminated then try again. If it still fails, a git process
may have crashed in this repository earlier:
remove the file manually to continue.
[NO CHANGE] MC-006 — files already match, nothing to commit
[NOT FOUND] MC-007
[NOT FOUND] MC-008
[NOT FOUND] MC-009
[NOT FOUND] MC-010
[NOT FOUND] MC-011
[NOT FOUND] MC-012
[NOT FOUND] MC-013
[NOT FOUND] MC-014
[NOT FOUND] MC-015
[NOT FOUND] MC-016
[NOT FOUND] MC-017
[NOT FOUND] MC-018
[NOT FOUND] MC-019
[NOT FOUND] MC-020
[NOT FOUND] ET-001
[NOT FOUND] ET-002
[NOT FOUND] ET-003
[NOT FOUND] ET-004
[NOT FOUND] ET-005
[NOT FOUND] ET-006
[NOT FOUND] ET-007
[NOT FOUND] ET-008
[NOT FOUND] ET-009
[NOT FOUND] ET-010
[NOT FOUND] ET-011
[NOT FOUND] ET-012
[NOT FOUND] ET-013
[NOT FOUND] ET-014
[NOT FOUND] ET-015
[NOT FOUND] ST-001
[NOT FOUND] ST-002
[NOT FOUND] ST-003
[NOT FOUND] ST-004
[NOT FOUND] ST-005
[NOT FOUND] ST-006
[NOT FOUND] ST-007
[NOT FOUND] ST-008
[NOT FOUND] ST-009
[NOT FOUND] ST-010
[NOT FOUND] ST-011
[NOT FOUND] ST-012
[NOT FOUND] ST-013
[NOT FOUND] ST-014
[NOT FOUND] ST-015
[NOT FOUND] ST-016
[NOT FOUND] ST-017
[NOT FOUND] ST-018
[NOT FOUND] ST-019
[NOT FOUND] ST-020
[NOT FOUND] ST-021
[NOT FOUND] ST-022
[NOT FOUND] ST-023
[NOT FOUND] ST-024
[NOT FOUND] ST-025
[NOT FOUND] ST-026
[NOT FOUND] ST-027
[NOT FOUND] ST-028
[NOT FOUND] ST-029
[NOT FOUND] ST-030
[MATCH] EC-001 -> /Users/acebless/Documents/ec-001-angels-in-daylight
[SKIP venture.json] EC-001 already has one, left untouched
[main f5f17f4] chore: add Phase 1 context system
 2 files changed, 196 insertions(+)
 create mode 120000 docs/ONTOLOGY.md
 create mode 100644 src/lib/ontology.ts
To https://github.com/Worldwidebro/ec-001-angels-in-daylight.git
   6ebee7f..f5f17f4  HEAD -> main
[PUSHED] EC-001 -> /Users/acebless/Documents/ec-001-angels-in-daylight (main)
[NOT FOUND] EC-002
[NOT FOUND] EC-003
[NOT FOUND] EC-004
[NOT FOUND] EC-005
[NOT FOUND] EC-006
[NOT FOUND] EC-007
[NOT FOUND] EC-008
[NOT FOUND] EC-009
[NOT FOUND] EC-010
[NOT FOUND] EC-011
[NOT FOUND] EC-012
[NOT FOUND] EC-013
[NOT FOUND] EC-014
[NOT FOUND] EC-015
[NOT FOUND] EC-016
[NOT FOUND] EC-017
[NOT FOUND] EC-018
[NOT FOUND] EC-019
[NOT FOUND] EC-020
[NOT FOUND] EC-021
[NOT FOUND] EC-022
[NOT FOUND] EC-023
[NOT FOUND] EC-024
[NOT FOUND] EC-025
[NOT FOUND] EC-026
[NOT FOUND] EC-027
[NOT FOUND] EC-028
[NOT FOUND] EC-029
[NOT FOUND] EC-030
[NOT FOUND] EC-031
[NOT FOUND] EC-032
[NOT FOUND] EC-033
[NOT FOUND] EC-034
[NOT FOUND] EC-035
[NOT FOUND] EC-036
[NOT FOUND] EC-037
[NOT FOUND] EC-038
[NOT FOUND] EC-039
[NOT FOUND] EC-040
[NOT FOUND] EC-041
[NOT FOUND] EC-042
[NOT FOUND] EC-043
[NOT FOUND] EC-044
[NOT FOUND] EC-045
[NOT FOUND] EC-046
[NOT FOUND] EC-047
[NOT FOUND] EC-048
[NOT FOUND] EC-049
[NOT FOUND] EC-050
[NOT FOUND] EC-051
[NOT FOUND] EC-052
[NOT FOUND] EC-053
[NOT FOUND] EC-054
[NOT FOUND] EC-055
[NOT FOUND] EC-056
[NOT FOUND] EC-057
[NOT FOUND] EC-058
[NOT FOUND] EC-059
[NOT FOUND] EC-060
[NOT FOUND] EC-061
[NOT FOUND] EC-062
[NOT FOUND] EC-063
[NOT FOUND] EC-064
[NOT FOUND] EC-065
[NOT FOUND] EC-066
[NOT FOUND] EC-067
[NOT FOUND] EC-068
[NOT FOUND] EC-069
[NOT FOUND] EC-070
[NOT FOUND] EC-071
[NOT FOUND] EC-072
[NOT FOUND] EC-073
[NOT FOUND] EC-074
[NOT FOUND] EC-075
[NOT FOUND] EC-076
[NOT FOUND] EC-077
[NOT FOUND] EC-078
[NOT FOUND] EC-079
[NOT FOUND] EC-080
[NOT FOUND] EC-081
[NOT FOUND] EC-082
[NOT FOUND] EC-083
[NOT FOUND] EC-084
[NOT FOUND] EC-085
[NOT FOUND] EC-086
[NOT FOUND] EC-087
[NOT FOUND] EC-088
[NOT FOUND] EC-089
[NOT FOUND] EC-090
[NOT FOUND] EC-091
[NOT FOUND] EC-092
[NOT FOUND] EC-093
[NOT FOUND] EC-094
[NOT FOUND] EC-095
[NOT FOUND] EC-096
[NOT FOUND] EC-097
[NOT FOUND] EC-098
[NOT FOUND] EC-099
[NOT FOUND] EC-100
[NOT FOUND] EC-101
[NOT FOUND] EC-102
[NOT FOUND] EC-103
[NOT FOUND] EC-104
[NOT FOUND] EC-105
[NOT FOUND] EC-106
[NOT FOUND] EC-107
[NOT FOUND] EC-108
[NOT FOUND] EC-109
[NOT FOUND] EC-110
[NOT FOUND] TECH-001
[NOT FOUND] TECH-002
[NOT FOUND] TECH-003
[NOT FOUND] TECH-004
[NOT FOUND] TECH-005
[NOT FOUND] TECH-006
[NOT FOUND] TECH-007
[NOT FOUND] TECH-008
[NOT FOUND] TECH-009
[NOT FOUND] TECH-010
[NOT FOUND] TECH-011
[NOT FOUND] TECH-012
[NOT FOUND] TECH-013
[NOT FOUND] TECH-014
[NOT FOUND] TECH-015
[NOT FOUND] TECH-016
[NOT FOUND] TECH-017
[NOT FOUND] TECH-018
[NOT FOUND] TECH-019
[NOT FOUND] TECH-020
[NOT FOUND] TECH-021
[NOT FOUND] TECH-022
[NOT FOUND] TECH-023
[NOT FOUND] TECH-024
[NOT FOUND] TECH-025
[NOT FOUND] TECH-026
[NOT FOUND] TECH-027
[NOT FOUND] TECH-028
[NOT FOUND] TECH-029
[NOT FOUND] TECH-030
[NOT FOUND] TECH-031
[NOT FOUND] TECH-032
[NOT FOUND] TECH-033
[NOT FOUND] TECH-034
[NOT FOUND] TECH-035
[NOT FOUND] TECH-036
[NOT FOUND] TECH-037
[NOT FOUND] TECH-038
[NOT FOUND] TECH-039
[NOT FOUND] TECH-040
[NOT FOUND] TECH-041
[NOT FOUND] TECH-042
[NOT FOUND] TECH-043
[NOT FOUND] TECH-044
[NOT FOUND] TECH-045
[NOT FOUND] TECH-046
[NOT FOUND] TECH-047
[NOT FOUND] TECH-048
[NOT FOUND] TECH-049
[NOT FOUND] TECH-050
[NOT FOUND] TECH-051
[NOT FOUND] TECH-052
[NOT FOUND] TECH-053
[NOT FOUND] TECH-054
[NOT FOUND] TECH-055
[NOT FOUND] TECH-056
[NOT FOUND] TECH-057
[NOT FOUND] TECH-058
[NOT FOUND] TECH-059
[NOT FOUND] TECH-060
[NOT FOUND] OPS-001
[NOT FOUND] OPS-002
[NOT FOUND] OPS-003
[NOT FOUND] OPS-004
[NOT FOUND] OPS-005
[NOT FOUND] OPS-006
[NOT FOUND] OPS-007
[NOT FOUND] OPS-008
[NOT FOUND] OPS-009
[NOT FOUND] OPS-010
[NOT FOUND] OPS-011
[NOT FOUND] OPS-012
[NOT FOUND] OPS-013
[NOT FOUND] OPS-014
[NOT FOUND] OPS-015
[NOT FOUND] OPS-016
[NOT FOUND] OPS-017
[NOT FOUND] OPS-018
[NOT FOUND] OPS-019
[NOT FOUND] OPS-020
[NOT FOUND] OPS-021
[NOT FOUND] OPS-022
[NOT FOUND] OPS-023
[NOT FOUND] OPS-024
[NOT FOUND] OPS-025
[NOT FOUND] OPS-026
[NOT FOUND] OPS-027
[NOT FOUND] OPS-028
[NOT FOUND] OPS-029
[NOT FOUND] OPS-030
[NOT FOUND] OPS-031
[NOT FOUND] OPS-032
[NOT FOUND] OPS-033
[NOT FOUND] OPS-034
[NOT FOUND] OPS-035
[NOT FOUND] OPS-036
[NOT FOUND] OPS-037
[NOT FOUND] OPS-038
[NOT FOUND] OPS-039
[NOT FOUND] OPS-040
[NOT FOUND] OPS-041
[NOT FOUND] OPS-042
[NOT FOUND] OPS-043
[NOT FOUND] OPS-044
[NOT FOUND] OPS-045
[NOT FOUND] OPS-046
[NOT FOUND] OPS-047
[NOT FOUND] OPS-048
[NOT FOUND] OPS-049
[NOT FOUND] OPS-050
[NOT FOUND] OPS-051
[NOT FOUND] OPS-052
[NOT FOUND] OPS-053
[NOT FOUND] OPS-054
[NOT FOUND] OPS-055
[NOT FOUND] OPS-056
[NOT FOUND] OPS-057
[NOT FOUND] OPS-058
[NOT FOUND] OPS-059
[NOT FOUND] OPS-060
[NOT FOUND] OPS-061
[NOT FOUND] OPS-062
[NOT FOUND] OPS-063
[NOT FOUND] OPS-064
[NOT FOUND] OPS-065
[NOT FOUND] OPS-066
[NOT FOUND] EDU-001
[NOT GIT] EDU-002 -> /Users/acebless/Documents/generated-courses/EDU-002-Code-Bootcamp-Pro
[NOT GIT] EDU-003 -> /Users/acebless/Documents/generated-courses/EDU-003-Math-Mastery-Platform
[NOT GIT] EDU-004 -> /Users/acebless/Documents/generated-courses/EDU-004-Language-Learning-App
[NOT FOUND] EDU-005
[NOT GIT] EDU-006 -> /Users/acebless/Documents/generated-courses/EDU-006-Executive-Mba-Online
[NOT FOUND] EDU-007
[NOT GIT] EDU-008 -> /Users/acebless/Documents/generated-courses/EDU-008-Data-Science-Bootcamp
[NOT FOUND] EDU-009
[NOT FOUND] EDU-010
[NOT FOUND] EDU-011
[NOT FOUND] EDU-012
[NOT FOUND] EDU-013
[NOT GIT] EDU-014 -> /Users/acebless/Documents/generated-courses/EDU-014-Coding-For-Beginners
[NOT GIT] EDU-015 -> /Users/acebless/Documents/generated-courses/EDU-015-Fitness-Coach-Certification
[NOT FOUND] EDU-016
[NOT GIT] EDU-017 -> /Users/acebless/Documents/generated-courses/EDU-017-Cloud-Computing-Academy
[NOT FOUND] EDU-018
[NOT FOUND] EDU-019
[NOT FOUND] EDU-020
[NOT FOUND] EDU-021
[NOT GIT] EDU-022 -> /Users/acebless/Documents/generated-courses/EDU-022-Leadership-Development-Program
[NOT GIT] EDU-023 -> /Users/acebless/Documents/generated-courses/EDU-023-Cybersecurity-Bootcamp
[NOT GIT] EDU-024 -> /Users/acebless/Documents/generated-courses/EDU-024-intro-to-agentic-workflows
[NOT FOUND] EDU-025
[NOT FOUND] EDU-026
[NOT FOUND] EDU-027
[NOT FOUND] EDU-028
[NOT FOUND] EDU-029
[NOT FOUND] EDU-030
[NOT FOUND] EDU-031
[NOT FOUND] EDU-032
[NOT FOUND] EDU-033
[NOT FOUND] EDU-034
[NOT FOUND] EDU-035
[NOT FOUND] EDU-036
[NOT FOUND] EDU-037
[NOT FOUND] EDU-038
[NOT FOUND] EDU-039
[NOT FOUND] EDU-040
[NOT FOUND] COMM-001
[NOT FOUND] COMM-002
[NOT FOUND] COMM-003
[NOT FOUND] COMM-004
[NOT FOUND] COMM-005
[NOT FOUND] COMM-006
[NOT FOUND] COMM-007
[NOT FOUND] COMM-008
[NOT FOUND] COMM-009
[NOT FOUND] COMM-010
[NOT FOUND] COMM-011
[NOT FOUND] COMM-012
[NOT FOUND] COMM-013
[NOT FOUND] COMM-014
[NOT FOUND] COMM-015
[NOT FOUND] COMM-016
[NOT FOUND] COMM-017
[NOT FOUND] COMM-018
[NOT FOUND] COMM-019
[NOT FOUND] COMM-020
[NOT FOUND] COMM-021
[NOT FOUND] COMM-022
[NOT FOUND] COMM-023
[NOT FOUND] COMM-024
[NOT FOUND] COMM-025
[NOT FOUND] COMM-026
[NOT FOUND] COMM-027
[NOT FOUND] COMM-028
[NOT FOUND] COMM-029
[NOT FOUND] COMM-030
[NOT FOUND] COMM-031
[NOT FOUND] COMM-032
[NOT FOUND] COMM-033
[NOT FOUND] COMM-034
[NOT FOUND] COMM-035
[NOT FOUND] COMM-036
[NOT FOUND] COMM-037
[NOT FOUND] COMM-038
[NOT FOUND] COMM-039
[NOT FOUND] COMM-040
[NOT FOUND] COMM-041
[NOT FOUND] COMM-042
[NOT FOUND] COMM-043
[NOT FOUND] COMM-044
[NOT FOUND] COMM-045
[NOT FOUND] COMM-046
[NOT FOUND] COMM-047
[NOT FOUND] COMM-048
[NOT FOUND] COMM-049
[NOT FOUND] COMM-050
[NOT FOUND] EM-001
[NOT FOUND] EM-002
[NOT FOUND] EM-003
[NOT FOUND] EM-004
[NOT FOUND] EM-005
[NOT FOUND] EM-006
[NOT FOUND] EM-007
[NOT FOUND] EM-008
[NOT FOUND] EM-009
[NOT FOUND] EM-010
[NOT FOUND] EM-011
[NOT FOUND] EM-012
[NOT FOUND] EM-013
[NOT FOUND] EM-014
[NOT FOUND] EM-015
[NOT FOUND] EM-016
[NOT FOUND] EM-017
[NOT FOUND] EM-018
[NOT FOUND] EM-019
[NOT FOUND] EM-020
[NOT FOUND] EM-021
[NOT FOUND] EM-022
[NOT FOUND] EM-023
[NOT FOUND] EM-024
[NOT FOUND] EM-025
[NOT FOUND] EM-026
[NOT FOUND] EM-027
[NOT FOUND] EM-028
[NOT FOUND] EM-029
[NOT FOUND] EM-030
[NOT FOUND] EM-031
[NOT FOUND] EM-032
[NOT FOUND] EM-033
[NOT FOUND] EM-034
[NOT FOUND] EM-035
[NOT FOUND] EM-036
[NOT FOUND] EM-037
[NOT FOUND] EM-038
[NOT FOUND] EM-039
[NOT FOUND] EM-040
[NOT FOUND] EM-041
[NOT FOUND] EM-042
[NOT FOUND] EM-043
[NOT FOUND] EM-044
[NOT FOUND] EM-045
[NOT FOUND] EM-046
[NOT FOUND] EM-047
[NOT FOUND] EM-048
[NOT FOUND] EM-049
[NOT FOUND] EM-050
[NOT FOUND] SPEC-001
[NOT FOUND] SPEC-002
[NOT FOUND] SPEC-003
[NOT FOUND] SPEC-004
[NOT FOUND] SPEC-005
[NOT FOUND] SPEC-006
[NOT FOUND] SPEC-007
[NOT FOUND] SPEC-008
[NOT FOUND] SPEC-009
[NOT FOUND] SPEC-010
[NOT FOUND] SPEC-011
[NOT FOUND] SPEC-012
[NOT FOUND] SPEC-013
[NOT FOUND] SPEC-014
[NOT FOUND] SPEC-015
[NOT FOUND] SPEC-016
[NOT FOUND] SPEC-017
[NOT FOUND] SPEC-018
[NOT FOUND] SPEC-019
[NOT FOUND] SPEC-020
[NOT FOUND] SPEC-021
[NOT FOUND] SPEC-022
[NOT FOUND] SPEC-023
[NOT FOUND] SPEC-024
[NOT FOUND] SPEC-025
[NOT FOUND] SPEC-026
[NOT FOUND] SPEC-027
[NOT FOUND] SPEC-028
[NOT FOUND] SPEC-029
[NOT FOUND] SPEC-030
[NOT FOUND] SPEC-031
[NOT FOUND] SPEC-032
[NOT FOUND] SPEC-033
[NOT FOUND] SPEC-034
[NOT FOUND] SPEC-035
[NOT FOUND] SPEC-036
[NOT FOUND] SPEC-037
[NOT FOUND] SPEC-038
[NOT FOUND] SPEC-039
[NOT FOUND] SPEC-040
[NOT FOUND] SPEC-041
[NOT FOUND] SPEC-042
[NOT FOUND] SPEC-043
[NOT FOUND] SPEC-044
[NOT FOUND] SPEC-045
[NOT FOUND] SPEC-046
[NOT FOUND] SPEC-047
[NOT FOUND] SPEC-048
[NOT FOUND] SPEC-049
[NOT FOUND] SPEC-050
[NOT FOUND] FI-dist
[NOT FOUND] FI-node_modules
[NOT FOUND] FI-public
[NOT FOUND] FI-src
[NOT FOUND] FI-supabase
[MATCH] CON-001 -> /Users/acebless/Documents/con-001-ace-construction
[SKIP venture.json] CON-001 already has one, left untouched
[NO CHANGE] CON-001 — files already match, nothing to commit
[NOT FOUND] CON-002
[NOT FOUND] CON-003
[NOT FOUND] CON-004
[NOT FOUND] CON-005
[NOT FOUND] CON-006
[NOT FOUND] CON-007
[NOT FOUND] CON-008
[NOT FOUND] CON-009
[NOT FOUND] CON-010
[NOT FOUND] CON-011
[NOT FOUND] CON-012
[NOT FOUND] CON-013
[NOT FOUND] CON-014
[NOT FOUND] CON-015
[NOT FOUND] CON-016
[NOT FOUND] CON-017
[NOT FOUND] CON-018
[NOT FOUND] CON-019
[NOT FOUND] CON-020
[MATCH] RE-001 -> /Users/acebless/Documents/RE-001-Worldwidebro-Holdings
[main f8baa79] chore: add Phase 1 context system
 3 files changed, 218 insertions(+)
 create mode 120000 docs/ONTOLOGY.md
 create mode 100644 src/lib/ontology.ts
 create mode 100644 venture.json
To https://github.com/Worldwidebro/re-001-worldwidebro-holdings.git
 ! [rejected]        HEAD -> main (fetch first)
error: failed to push some refs to 'https://github.com/Worldwidebro/re-001-worldwidebro-holdings.git'
hint: Updates were rejected because the remote contains work that you do not
hint: have locally. This is usually caused by another repository pushing to
hint: the same ref. If you want to integrate the remote changes, use
hint: 'git pull' before pushing again.
hint: See the 'Note about fast-forwards' in 'git push --help' for details.
[PUSH FAILED] RE-001
[NOT FOUND] OPS-001
[NOT FOUND] PROFILE-001
[NOT FOUND] ET-010
[NOT FOUND] TECH-061

=== DONE: deployed=6 not_found=692 not_git=11 errors=1 ===
Full log: /Users/acebless/Documents/.deploy-logs/deploy-20260729-020115.log
Report:   /Users/acebless/Documents/.deploy-logs/deploy-report-20260729-020115.md
